// Jest Snapshot v1, https://goo.gl/fbAQLP

exports[`Col when pass no prop should match with the snapshot 1`] = `<div class="o-col-24 o-col-offset-0" style="padding-left: 0px; padding-right: 0px;"></div>`;

exports[`Col when pass some props and the props are {"span":1,"xs":2,"sm":3,"md":4,"lg":5,"xl":6,"offset":7} should match with the snapshot 1`] = `<div class="o-col-1 o-col-offset-7 o-col-xs-2 o-col-sm-3 o-col-md-4 o-col-lg-5 o-col-xl-6" style="padding-left: 0px; padding-right: 0px;"></div>`;

exports[`Col when pass some props and the props are another tag like section should match with the snapshot 1`] = `<section class="o-col-24 o-col-offset-0" style="padding-left: 0px; padding-right: 0px;"></section>`;
