// Jest Snapshot v1, https://goo.gl/fbAQLP

exports[`Button should be a circle button 1`] = `<button type="button" class="o-button o-button--default o-button--normal is-circle"></button>`;

exports[`Button should be a danger button 1`] = `<button type="button" class="o-button o-button--danger o-button--normal"></button>`;

exports[`Button should be a default button at startup 1`] = `<button type="button" class="o-button o-button--default o-button--normal"></button>`;

exports[`Button should be a info button 1`] = `<button type="button" class="o-button o-button--info o-button--normal"></button>`;

exports[`Button should be a large button 1`] = `<button type="button" class="o-button o-button--default o-button--large"></button>`;

exports[`Button should be a mini button 1`] = `<button type="button" class="o-button o-button--default o-button--mini"></button>`;

exports[`Button should be a normal button 1`] = `<button type="button" class="o-button o-button--default o-button--normal"></button>`;

exports[`Button should be a plain button 1`] = `<button type="button" class="o-button o-button--default o-button--normal is-plain"></button>`;

exports[`Button should be a primary button 1`] = `<button type="button" class="o-button o-button--primary o-button--normal"></button>`;

exports[`Button should be a round button 1`] = `<button type="button" class="o-button o-button--default o-button--normal is-round"></button>`;

exports[`Button should be a secondary button 1`] = `<button type="button" class="o-button o-button--secondary o-button--normal"></button>`;

exports[`Button should be a small button 1`] = `<button type="button" class="o-button o-button--default o-button--small"></button>`;

exports[`Button should be a success button 1`] = `<button type="button" class="o-button o-button--success o-button--normal"></button>`;

exports[`Button should be a text button 1`] = `<button type="button" class="o-button o-button--text o-button--normal"></button>`;

exports[`Button should be a warning button 1`] = `<button type="button" class="o-button o-button--warning o-button--normal"></button>`;

exports[`Button should be disabled 1`] = `<button type="button" class="o-button o-button--default o-button--normal is-disabled is-plain" disabled="disabled"></button>`;

exports[`Button should have a nativeType submit 1`] = `<button type="submit" class="o-button o-button--default o-button--normal is-plain"></button>`;
