// Jest Snapshot v1, https://goo.gl/fbAQLP

exports[`Button should be a default button at startup 1`] = `<button type="button" class="a-button a-button--default"></button>`;

exports[`Button should be a primary button 1`] = `<button type="button" class="a-button a-button--primary"></button>`;

exports[`Button should be disabled 1`] = `<button type="button" class="a-button a-button--default" disabled="disabled"></button>`;

exports[`Button should have a nativeType submit 1`] = `<button type="submit" class="a-button a-button--default"></button>`;
